// Jest Snapshot v1, https://goo.gl/fbAQLP

exports[`Forecast Forecast Loading should render 1`] = `
<styled.div
  isLoading={true}
>
  <styled.h1>
    Loading...
  </styled.h1>
</styled.div>
`;

exports[`Forecast Forecast has loaded should render 1`] = `
<styled.div
  isLoading={false}
  weatherData={
    Object {
      "city": Object {
        "name": "New York",
      },
    }
  }
>
  <div>
    <styled.h1>
      5-day Forecast for 
      New York
      :
    </styled.h1>
    <DaysList
      data={
        Object {
          "city": Object {
            "name": "New York",
          },
        }
      }
      name="New York"
    />
  </div>
</styled.div>
`;
